#-----------------------------------------------------------
# Webtalk v2019.2 (64-bit)
# SW Build 2708876 on Wed Nov  6 21:40:23 MST 2019
# IP Build 2700528 on Thu Nov  7 00:09:20 MST 2019
# Start of session at: Sun Nov  5 13:04:07 2023
# Process ID: 16612
# Current directory: D:/MOODLE/SEMESTER 7/EN4020_Advanced_Digital_Systems/SoC_Project/SoC_project_2/SoC_project_2.sim/sim_1/behav/xsim
# Command line: wbtcv.exe -mode batch -source D:/MOODLE/SEMESTER 7/EN4020_Advanced_Digital_Systems/SoC_Project/SoC_project_2/SoC_project_2.sim/sim_1/behav/xsim/xsim.dir/tb_fetch_and_control_unit_behav/webtalk/xsim_webtalk.tcl -notrace
# Log file: D:/MOODLE/SEMESTER 7/EN4020_Advanced_Digital_Systems/SoC_Project/SoC_project_2/SoC_project_2.sim/sim_1/behav/xsim/webtalk.log
# Journal file: D:/MOODLE/SEMESTER 7/EN4020_Advanced_Digital_Systems/SoC_Project/SoC_project_2/SoC_project_2.sim/sim_1/behav/xsim\webtalk.jou
#-----------------------------------------------------------
source D:/MOODLE/SEMESTER -notrace
